hand-rolled sac: 116 obs dims, 600000 steps on cuda, 1 env, update every 10 steps, batch 256, 3.0 m/s cap
episode 1 at step 68: reward -9.9 over 68 steps, laps 0, collision, alpha 1.0000, 0.0 min
episode 2 at step 183: reward -10.8 over 115 steps, laps 0, collision, alpha 1.0000, 0.0 min
episode 3 at step 198: reward -10.4 over 15 steps, laps 0, collision, alpha 1.0000, 0.0 min
episode 4 at step 230: reward -10.4 over 32 steps, laps 0, collision, alpha 1.0000, 0.0 min
episode 5 at step 309: reward -11.1 over 79 steps, laps 0, collision, alpha 1.0000, 0.0 min
episode 6 at step 403: reward -11.6 over 94 steps, laps 0, collision, alpha 1.0000, 0.0 min
episode 7 at step 473: reward -11.9 over 70 steps, laps 0, collision, alpha 1.0000, 0.0 min
episode 8 at step 489: reward -10.5 over 16 steps, laps 0, collision, alpha 1.0000, 0.0 min
episode 9 at step 517: reward -11.3 over 28 steps, laps 0, collision, alpha 1.0000, 0.0 min
episode 10 at step 596: reward -11.0 over 79 steps, laps 0, collision, alpha 1.0000, 0.0 min
episode 11 at step 674: reward -11.0 over 78 steps, laps 0, collision, alpha 1.0000, 0.0 min
episode 12 at step 755: reward -11.2 over 81 steps, laps 0, collision, alpha 1.0000, 0.0 min
episode 13 at step 794: reward -11.4 over 39 steps, laps 0, collision, alpha 1.0000, 0.0 min
episode 14 at step 827: reward -10.8 over 33 steps, laps 0, collision, alpha 1.0000, 0.0 min
episode 15 at step 906: reward -11.8 over 79 steps, laps 0, collision, alpha 1.0000, 0.0 min
episode 16 at step 936: reward -10.0 over 30 steps, laps 0, collision, alpha 1.0000, 0.0 min
episode 17 at step 960: reward -11.0 over 24 steps, laps 0, collision, alpha 1.0000, 0.0 min
episode 18 at step 1020: reward -11.3 over 60 steps, laps 0, collision, alpha 1.0000, 0.0 min
episode 19 at step 1078: reward -10.2 over 58 steps, laps 0, collision, alpha 1.0000, 0.0 min
episode 20 at step 1151: reward -10.6 over 73 steps, laps 0, collision, alpha 1.0000, 0.0 min
episode 21 at step 1171: reward -9.8 over 20 steps, laps 0, collision, alpha 1.0000, 0.0 min
episode 22 at step 1297: reward -12.4 over 126 steps, laps 0, collision, alpha 1.0000, 0.0 min
episode 23 at step 1340: reward -10.4 over 43 steps, laps 0, collision, alpha 1.0000, 0.0 min
episode 24 at step 1395: reward -10.8 over 55 steps, laps 0, collision, alpha 1.0000, 0.0 min
episode 25 at step 1613: reward -11.5 over 218 steps, laps 0, collision, alpha 1.0000, 0.0 min
episode 26 at step 1655: reward -10.6 over 42 steps, laps 0, collision, alpha 1.0000, 0.0 min
episode 27 at step 1776: reward -11.5 over 121 steps, laps 0, collision, alpha 1.0000, 0.0 min
episode 28 at step 1826: reward -11.2 over 50 steps, laps 0, collision, alpha 1.0000, 0.0 min
episode 29 at step 1872: reward -10.7 over 46 steps, laps 0, collision, alpha 1.0000, 0.0 min
episode 30 at step 1899: reward -10.4 over 27 steps, laps 0, collision, alpha 1.0000, 0.0 min
episode 31 at step 1930: reward -10.1 over 31 steps, laps 0, collision, alpha 1.0000, 0.0 min
episode 32 at step 2003: reward -11.7 over 73 steps, laps 0, collision, alpha 1.0000, 0.0 min
episode 33 at step 2024: reward -10.2 over 21 steps, laps 0, collision, alpha 1.0000, 0.0 min
episode 34 at step 2071: reward -10.3 over 47 steps, laps 0, collision, alpha 1.0000, 0.0 min
episode 35 at step 2126: reward -11.6 over 55 steps, laps 0, collision, alpha 1.0000, 0.0 min
episode 36 at step 2187: reward -11.3 over 61 steps, laps 0, collision, alpha 1.0000, 0.0 min
episode 37 at step 2205: reward -10.6 over 18 steps, laps 0, collision, alpha 1.0000, 0.0 min
episode 38 at step 2280: reward -11.1 over 75 steps, laps 0, collision, alpha 1.0000, 0.0 min
episode 39 at step 2306: reward -11.1 over 26 steps, laps 0, collision, alpha 1.0000, 0.0 min
episode 40 at step 2411: reward -13.3 over 105 steps, laps 0, collision, alpha 1.0000, 0.0 min
episode 41 at step 2440: reward -11.2 over 29 steps, laps 0, collision, alpha 1.0000, 0.0 min
episode 42 at step 2468: reward -11.1 over 28 steps, laps 0, collision, alpha 1.0000, 0.0 min
episode 43 at step 2568: reward -12.1 over 100 steps, laps 0, collision, alpha 1.0000, 0.0 min
episode 44 at step 2635: reward -11.5 over 67 steps, laps 0, collision, alpha 1.0000, 0.0 min
episode 45 at step 2800: reward -11.8 over 165 steps, laps 0, collision, alpha 1.0000, 0.0 min
episode 46 at step 2925: reward -10.6 over 125 steps, laps 0, collision, alpha 1.0000, 0.0 min
episode 47 at step 2994: reward -12.0 over 69 steps, laps 0, collision, alpha 1.0000, 0.0 min
episode 48 at step 3060: reward -11.0 over 66 steps, laps 0, collision, alpha 1.0000, 0.0 min
episode 49 at step 3145: reward -12.3 over 85 steps, laps 0, collision, alpha 1.0000, 0.0 min
episode 50 at step 3185: reward -10.7 over 40 steps, laps 0, collision, alpha 1.0000, 0.0 min
episode 51 at step 3257: reward -11.7 over 72 steps, laps 0, collision, alpha 1.0000, 0.0 min
episode 52 at step 3394: reward -12.7 over 137 steps, laps 0, collision, alpha 1.0000, 0.1 min
episode 53 at step 3461: reward -11.1 over 67 steps, laps 0, collision, alpha 1.0000, 0.1 min
episode 54 at step 3478: reward -11.2 over 17 steps, laps 0, collision, alpha 1.0000, 0.1 min
episode 55 at step 3597: reward -11.8 over 119 steps, laps 0, collision, alpha 1.0000, 0.1 min
episode 56 at step 3607: reward -9.9 over 10 steps, laps 0, collision, alpha 1.0000, 0.1 min
episode 57 at step 3651: reward -11.9 over 44 steps, laps 0, collision, alpha 1.0000, 0.1 min
episode 58 at step 3784: reward -13.7 over 133 steps, laps 0, collision, alpha 1.0000, 0.1 min
episode 59 at step 3880: reward -11.6 over 96 steps, laps 0, collision, alpha 1.0000, 0.1 min
episode 60 at step 3901: reward -10.4 over 21 steps, laps 0, collision, alpha 1.0000, 0.1 min
episode 61 at step 3975: reward -10.5 over 74 steps, laps 0, collision, alpha 1.0000, 0.1 min
episode 62 at step 4079: reward -12.2 over 104 steps, laps 0, collision, alpha 1.0000, 0.1 min
episode 63 at step 4120: reward -10.8 over 41 steps, laps 0, collision, alpha 1.0000, 0.1 min
episode 64 at step 4140: reward -10.1 over 20 steps, laps 0, collision, alpha 1.0000, 0.1 min
episode 65 at step 4225: reward -10.8 over 85 steps, laps 0, collision, alpha 1.0000, 0.1 min
episode 66 at step 4324: reward -10.3 over 99 steps, laps 0, collision, alpha 1.0000, 0.1 min
episode 67 at step 4388: reward -11.0 over 64 steps, laps 0, collision, alpha 1.0000, 0.1 min
episode 68 at step 4466: reward -10.8 over 78 steps, laps 0, collision, alpha 1.0000, 0.1 min
episode 69 at step 4482: reward -10.6 over 16 steps, laps 0, collision, alpha 1.0000, 0.1 min
episode 70 at step 4611: reward -12.1 over 129 steps, laps 0, collision, alpha 1.0000, 0.1 min
episode 71 at step 4664: reward -10.9 over 53 steps, laps 0, collision, alpha 1.0000, 0.1 min
episode 72 at step 4708: reward -10.9 over 44 steps, laps 0, collision, alpha 1.0000, 0.1 min
episode 73 at step 4729: reward -10.5 over 21 steps, laps 0, collision, alpha 1.0000, 0.1 min
episode 74 at step 4790: reward -11.4 over 61 steps, laps 0, collision, alpha 1.0000, 0.1 min
episode 75 at step 4876: reward -11.5 over 86 steps, laps 0, collision, alpha 1.0000, 0.1 min
episode 76 at step 4943: reward -10.1 over 67 steps, laps 0, collision, alpha 1.0000, 0.1 min
episode 77 at step 5055: reward -12.5 over 112 steps, laps 0, collision, alpha 1.0000, 0.1 min
episode 78 at step 5121: reward -11.4 over 66 steps, laps 0, collision, alpha 1.0000, 0.1 min
episode 79 at step 5134: reward -10.0 over 13 steps, laps 0, collision, alpha 1.0000, 0.1 min
episode 80 at step 5149: reward -10.4 over 15 steps, laps 0, collision, alpha 1.0000, 0.1 min
episode 81 at step 5190: reward -10.5 over 41 steps, laps 0, collision, alpha 1.0000, 0.1 min
episode 82 at step 5392: reward -14.2 over 202 steps, laps 0, collision, alpha 1.0000, 0.1 min
episode 83 at step 5447: reward -11.2 over 55 steps, laps 0, collision, alpha 1.0000, 0.1 min
episode 84 at step 5477: reward -10.7 over 30 steps, laps 0, collision, alpha 1.0000, 0.1 min
episode 85 at step 5540: reward -11.4 over 63 steps, laps 0, collision, alpha 1.0000, 0.1 min
episode 86 at step 5581: reward -10.4 over 41 steps, laps 0, collision, alpha 1.0000, 0.1 min
episode 87 at step 5631: reward -10.7 over 50 steps, laps 0, collision, alpha 1.0000, 0.1 min
episode 88 at step 5650: reward -10.4 over 19 steps, laps 0, collision, alpha 1.0000, 0.1 min
episode 89 at step 5731: reward -10.7 over 81 steps, laps 0, collision, alpha 1.0000, 0.1 min
episode 90 at step 5923: reward -12.8 over 192 steps, laps 0, collision, alpha 1.0000, 0.1 min
episode 91 at step 6031: reward -12.1 over 108 steps, laps 0, collision, alpha 1.0000, 0.1 min
episode 92 at step 6140: reward -11.4 over 109 steps, laps 0, collision, alpha 1.0000, 0.1 min
episode 93 at step 6334: reward -13.5 over 194 steps, laps 0, collision, alpha 1.0000, 0.1 min
episode 94 at step 6406: reward -11.8 over 72 steps, laps 0, collision, alpha 1.0000, 0.1 min
episode 95 at step 6609: reward -12.5 over 203 steps, laps 0, collision, alpha 1.0000, 0.1 min
episode 96 at step 6735: reward -10.1 over 126 steps, laps 0, collision, alpha 1.0000, 0.1 min
episode 97 at step 6749: reward -10.7 over 14 steps, laps 0, collision, alpha 1.0000, 0.1 min
episode 98 at step 6816: reward -10.3 over 67 steps, laps 0, collision, alpha 1.0000, 0.1 min
episode 99 at step 6832: reward -10.5 over 16 steps, laps 0, collision, alpha 1.0000, 0.1 min
episode 100 at step 6943: reward -10.8 over 111 steps, laps 0, collision, alpha 1.0000, 0.1 min
episode 101 at step 6980: reward -10.7 over 37 steps, laps 0, collision, alpha 1.0000, 0.1 min
episode 102 at step 7179: reward -14.0 over 199 steps, laps 0, collision, alpha 1.0000, 0.1 min
episode 103 at step 7224: reward -10.6 over 45 steps, laps 0, collision, alpha 1.0000, 0.1 min
episode 104 at step 7289: reward -10.5 over 65 steps, laps 0, collision, alpha 1.0000, 0.1 min
episode 105 at step 7385: reward -11.1 over 96 steps, laps 0, collision, alpha 1.0000, 0.1 min
episode 106 at step 7473: reward -12.2 over 88 steps, laps 0, collision, alpha 1.0000, 0.1 min
episode 107 at step 7534: reward -10.9 over 61 steps, laps 0, collision, alpha 1.0000, 0.1 min
episode 108 at step 7568: reward -11.3 over 34 steps, laps 0, collision, alpha 1.0000, 0.1 min
episode 109 at step 7644: reward -12.0 over 76 steps, laps 0, collision, alpha 1.0000, 0.1 min
episode 110 at step 7724: reward -11.8 over 80 steps, laps 0, collision, alpha 1.0000, 0.1 min
episode 111 at step 7807: reward -10.7 over 83 steps, laps 0, collision, alpha 1.0000, 0.1 min
episode 112 at step 8078: reward -13.9 over 271 steps, laps 0, collision, alpha 1.0000, 0.1 min
episode 113 at step 8152: reward -12.3 over 74 steps, laps 0, collision, alpha 1.0000, 0.1 min
episode 114 at step 8203: reward -10.9 over 51 steps, laps 0, collision, alpha 1.0000, 0.1 min
episode 115 at step 8326: reward -12.5 over 123 steps, laps 0, collision, alpha 1.0000, 0.1 min
episode 116 at step 8391: reward -12.1 over 65 steps, laps 0, collision, alpha 1.0000, 0.1 min
episode 117 at step 8440: reward -10.8 over 49 steps, laps 0, collision, alpha 1.0000, 0.1 min
episode 118 at step 8562: reward -12.1 over 122 steps, laps 0, collision, alpha 1.0000, 0.1 min
episode 119 at step 8576: reward -10.0 over 14 steps, laps 0, collision, alpha 1.0000, 0.1 min
episode 120 at step 8617: reward -11.6 over 41 steps, laps 0, collision, alpha 1.0000, 0.1 min
episode 121 at step 8678: reward -10.3 over 61 steps, laps 0, collision, alpha 1.0000, 0.1 min
episode 122 at step 8746: reward -12.0 over 68 steps, laps 0, collision, alpha 1.0000, 0.1 min
episode 123 at step 8787: reward -10.2 over 41 steps, laps 0, collision, alpha 1.0000, 0.1 min
episode 124 at step 8854: reward -10.6 over 67 steps, laps 0, collision, alpha 1.0000, 0.1 min
episode 125 at step 8896: reward -11.0 over 42 steps, laps 0, collision, alpha 1.0000, 0.1 min
episode 126 at step 8975: reward -10.3 over 79 steps, laps 0, collision, alpha 1.0000, 0.1 min
episode 127 at step 9035: reward -10.4 over 60 steps, laps 0, collision, alpha 1.0000, 0.1 min
episode 128 at step 9084: reward -11.1 over 49 steps, laps 0, collision, alpha 1.0000, 0.1 min
episode 129 at step 9153: reward -11.8 over 69 steps, laps 0, collision, alpha 1.0000, 0.1 min
episode 130 at step 9274: reward -11.7 over 121 steps, laps 0, collision, alpha 1.0000, 0.1 min
episode 131 at step 9349: reward -10.2 over 75 steps, laps 0, collision, alpha 1.0000, 0.1 min
episode 132 at step 9370: reward -9.8 over 21 steps, laps 0, collision, alpha 1.0000, 0.1 min
episode 133 at step 9455: reward -10.7 over 85 steps, laps 0, collision, alpha 1.0000, 0.1 min
episode 134 at step 9543: reward -10.7 over 88 steps, laps 0, collision, alpha 1.0000, 0.1 min
episode 135 at step 9567: reward -10.4 over 24 steps, laps 0, collision, alpha 1.0000, 0.1 min
episode 136 at step 9748: reward -12.6 over 181 steps, laps 0, collision, alpha 1.0000, 0.1 min
episode 137 at step 9767: reward -10.0 over 19 steps, laps 0, collision, alpha 1.0000, 0.1 min
episode 138 at step 9836: reward -10.7 over 69 steps, laps 0, collision, alpha 1.0000, 0.1 min
episode 139 at step 9949: reward -11.2 over 113 steps, laps 0, collision, alpha 1.0000, 0.1 min
episode 140 at step 10050: reward -12.0 over 101 steps, laps 0, collision, alpha 0.9982, 0.2 min
episode 141 at step 10126: reward -9.9 over 76 steps, laps 0, collision, alpha 0.9961, 0.2 min
episode 142 at step 10232: reward -11.7 over 106 steps, laps 0, collision, alpha 0.9928, 0.2 min
episode 143 at step 10420: reward -12.7 over 188 steps, laps 0, collision, alpha 0.9872, 0.2 min
episode 144 at step 10516: reward -12.2 over 96 steps, laps 0, collision, alpha 0.9845, 0.2 min
episode 145 at step 10558: reward -11.4 over 42 steps, laps 0, collision, alpha 0.9833, 0.2 min
episode 146 at step 10574: reward -10.6 over 16 steps, laps 0, collision, alpha 0.9827, 0.2 min
episode 147 at step 10586: reward -10.4 over 12 steps, laps 0, collision, alpha 0.9824, 0.2 min
episode 148 at step 10632: reward -11.2 over 46 steps, laps 0, collision, alpha 0.9810, 0.2 min
episode 149 at step 10682: reward -11.7 over 50 steps, laps 0, collision, alpha 0.9795, 0.2 min
episode 150 at step 10693: reward -10.5 over 11 steps, laps 0, collision, alpha 0.9792, 0.2 min
episode 151 at step 10801: reward -10.8 over 108 steps, laps 0, collision, alpha 0.9760, 0.2 min
episode 152 at step 10892: reward -11.2 over 91 steps, laps 0, collision, alpha 0.9733, 0.2 min
episode 153 at step 10910: reward -10.1 over 18 steps, laps 0, collision, alpha 0.9728, 0.2 min
episode 154 at step 10967: reward -11.0 over 57 steps, laps 0, collision, alpha 0.9713, 0.2 min
episode 155 at step 10983: reward -10.2 over 16 steps, laps 0, collision, alpha 0.9707, 0.2 min
episode 156 at step 11050: reward -10.3 over 67 steps, laps 0, collision, alpha 0.9687, 0.3 min
episode 157 at step 11262: reward -12.3 over 212 steps, laps 0, collision, alpha 0.9626, 0.3 min
episode 158 at step 11283: reward -10.2 over 21 steps, laps 0, collision, alpha 0.9620, 0.3 min
episode 159 at step 11298: reward -10.9 over 15 steps, laps 0, collision, alpha 0.9617, 0.3 min
episode 160 at step 11333: reward -11.1 over 35 steps, laps 0, collision, alpha 0.9606, 0.3 min
episode 161 at step 11401: reward -11.4 over 68 steps, laps 0, collision, alpha 0.9586, 0.3 min
episode 162 at step 11452: reward -10.7 over 51 steps, laps 0, collision, alpha 0.9571, 0.3 min
episode 163 at step 11490: reward -11.1 over 38 steps, laps 0, collision, alpha 0.9560, 0.3 min
episode 164 at step 11802: reward -15.5 over 312 steps, laps 0, collision, alpha 0.9471, 0.3 min
episode 165 at step 12081: reward -14.8 over 279 steps, laps 0, collision, alpha 0.9392, 0.3 min
episode 166 at step 12168: reward -13.1 over 87 steps, laps 0, collision, alpha 0.9370, 0.3 min
episode 167 at step 12206: reward -11.2 over 38 steps, laps 0, collision, alpha 0.9358, 0.3 min
episode 168 at step 12247: reward -11.1 over 41 steps, laps 0, collision, alpha 0.9347, 0.3 min
episode 169 at step 12292: reward -11.3 over 45 steps, laps 0, collision, alpha 0.9333, 0.3 min
episode 170 at step 12382: reward -11.7 over 90 steps, laps 0, collision, alpha 0.9308, 0.3 min
episode 171 at step 12525: reward -12.8 over 143 steps, laps 0, collision, alpha 0.9269, 0.4 min
episode 172 at step 12586: reward -12.2 over 61 steps, laps 0, collision, alpha 0.9252, 0.4 min
episode 173 at step 12681: reward -11.5 over 95 steps, laps 0, collision, alpha 0.9225, 0.4 min
episode 174 at step 12700: reward -9.5 over 19 steps, laps 0, collision, alpha 0.9219, 0.4 min
episode 175 at step 12793: reward -12.5 over 93 steps, laps 0, collision, alpha 0.9194, 0.4 min
episode 176 at step 12811: reward -9.9 over 18 steps, laps 0, collision, alpha 0.9189, 0.4 min
episode 177 at step 12846: reward -10.5 over 35 steps, laps 0, collision, alpha 0.9180, 0.4 min
episode 178 at step 12915: reward -11.3 over 69 steps, laps 0, collision, alpha 0.9161, 0.4 min
episode 179 at step 12956: reward -10.9 over 41 steps, laps 0, collision, alpha 0.9150, 0.4 min
episode 180 at step 12999: reward -11.3 over 43 steps, laps 0, collision, alpha 0.9139, 0.4 min
episode 181 at step 13076: reward -11.7 over 77 steps, laps 0, collision, alpha 0.9117, 0.4 min
episode 182 at step 13214: reward -11.1 over 138 steps, laps 0, collision, alpha 0.9079, 0.4 min
episode 183 at step 13297: reward -12.2 over 83 steps, laps 0, collision, alpha 0.9057, 0.4 min
episode 184 at step 13320: reward -10.0 over 23 steps, laps 0, collision, alpha 0.9049, 0.4 min
episode 185 at step 13363: reward -10.7 over 43 steps, laps 0, collision, alpha 0.9038, 0.4 min
episode 186 at step 13493: reward -11.8 over 130 steps, laps 0, collision, alpha 0.9003, 0.4 min
episode 187 at step 13561: reward -11.8 over 68 steps, laps 0, collision, alpha 0.8984, 0.4 min
episode 188 at step 13655: reward -12.9 over 94 steps, laps 0, collision, alpha 0.8960, 0.4 min
episode 189 at step 13715: reward -11.1 over 60 steps, laps 0, collision, alpha 0.8944, 0.4 min
episode 190 at step 13730: reward -10.8 over 15 steps, laps 0, collision, alpha 0.8938, 0.4 min
episode 191 at step 13751: reward -11.1 over 21 steps, laps 0, collision, alpha 0.8933, 0.4 min
episode 192 at step 13925: reward -12.2 over 174 steps, laps 0, collision, alpha 0.8888, 0.5 min
episode 193 at step 13948: reward -10.9 over 23 steps, laps 0, collision, alpha 0.8882, 0.5 min
episode 194 at step 14002: reward -11.9 over 54 steps, laps 0, collision, alpha 0.8866, 0.5 min
episode 195 at step 14074: reward -11.4 over 72 steps, laps 0, collision, alpha 0.8848, 0.5 min
episode 196 at step 14163: reward -12.5 over 89 steps, laps 0, collision, alpha 0.8824, 0.5 min
episode 197 at step 14203: reward -11.4 over 40 steps, laps 0, collision, alpha 0.8813, 0.5 min
episode 198 at step 14346: reward -12.8 over 143 steps, laps 0, collision, alpha 0.8776, 0.5 min
episode 199 at step 14411: reward -12.1 over 65 steps, laps 0, collision, alpha 0.8758, 0.5 min
episode 200 at step 14463: reward -11.8 over 52 steps, laps 0, collision, alpha 0.8745, 0.5 min
episode 201 at step 14488: reward -10.2 over 25 steps, laps 0, collision, alpha 0.8740, 0.5 min
episode 202 at step 14570: reward -11.6 over 82 steps, laps 0, collision, alpha 0.8716, 0.5 min
episode 203 at step 14614: reward -10.0 over 44 steps, laps 0, collision, alpha 0.8706, 0.5 min
episode 204 at step 14647: reward -10.4 over 33 steps, laps 0, collision, alpha 0.8698, 0.5 min
episode 205 at step 14742: reward -11.3 over 95 steps, laps 0, collision, alpha 0.8672, 0.5 min
episode 206 at step 14812: reward -12.0 over 70 steps, laps 0, collision, alpha 0.8653, 0.5 min
episode 207 at step 14858: reward -11.6 over 46 steps, laps 0, collision, alpha 0.8643, 0.5 min
episode 208 at step 14919: reward -11.0 over 61 steps, laps 0, collision, alpha 0.8627, 0.5 min
episode 209 at step 14941: reward -10.5 over 22 steps, laps 0, collision, alpha 0.8620, 0.5 min
episode 210 at step 14955: reward -10.2 over 14 steps, laps 0, collision, alpha 0.8617, 0.5 min
episode 211 at step 14995: reward -11.1 over 40 steps, laps 0, collision, alpha 0.8607, 0.5 min
episode 212 at step 15097: reward -11.2 over 102 steps, laps 0, collision, alpha 0.8581, 0.5 min
episode 213 at step 15227: reward -10.8 over 130 steps, laps 0, collision, alpha 0.8548, 0.5 min
episode 214 at step 15423: reward -13.8 over 196 steps, laps 0, collision, alpha 0.8496, 0.6 min
episode 215 at step 15467: reward -11.0 over 44 steps, laps 0, collision, alpha 0.8486, 0.6 min
episode 216 at step 15491: reward -10.6 over 24 steps, laps 0, collision, alpha 0.8479, 0.6 min
episode 217 at step 15580: reward -12.3 over 89 steps, laps 0, collision, alpha 0.8456, 0.6 min
episode 218 at step 15718: reward -11.1 over 138 steps, laps 0, collision, alpha 0.8423, 0.6 min
episode 219 at step 15731: reward -10.2 over 13 steps, laps 0, collision, alpha 0.8418, 0.6 min
episode 220 at step 15779: reward -11.1 over 48 steps, laps 0, collision, alpha 0.8408, 0.6 min
episode 221 at step 15807: reward -11.9 over 28 steps, laps 0, collision, alpha 0.8400, 0.6 min
episode 222 at step 15937: reward -11.9 over 130 steps, laps 0, collision, alpha 0.8367, 0.6 min
episode 223 at step 16043: reward -11.8 over 106 steps, laps 0, collision, alpha 0.8340, 0.6 min
episode 224 at step 16217: reward -14.0 over 174 steps, laps 0, collision, alpha 0.8298, 0.6 min
episode 225 at step 16302: reward -10.6 over 85 steps, laps 0, collision, alpha 0.8275, 0.6 min
episode 226 at step 16382: reward -10.8 over 80 steps, laps 0, collision, alpha 0.8255, 0.6 min
episode 227 at step 16525: reward -12.4 over 143 steps, laps 0, collision, alpha 0.8221, 0.6 min
episode 228 at step 16541: reward -10.7 over 16 steps, laps 0, collision, alpha 0.8216, 0.6 min
episode 229 at step 16575: reward -10.4 over 34 steps, laps 0, collision, alpha 0.8208, 0.6 min
episode 230 at step 16623: reward -10.8 over 48 steps, laps 0, collision, alpha 0.8196, 0.6 min
episode 231 at step 16638: reward -10.5 over 15 steps, laps 0, collision, alpha 0.8194, 0.6 min
episode 232 at step 16660: reward -10.4 over 22 steps, laps 0, collision, alpha 0.8186, 0.6 min
episode 233 at step 16821: reward -15.3 over 161 steps, laps 0, collision, alpha 0.8147, 0.6 min
episode 234 at step 16899: reward -11.1 over 78 steps, laps 0, collision, alpha 0.8130, 0.6 min
episode 235 at step 16959: reward -12.0 over 60 steps, laps 0, collision, alpha 0.8115, 0.7 min
episode 236 at step 17076: reward -11.1 over 117 steps, laps 0, collision, alpha 0.8086, 0.7 min
episode 237 at step 17226: reward -15.4 over 150 steps, laps 0, collision, alpha 0.8050, 0.7 min
episode 238 at step 17300: reward -12.1 over 74 steps, laps 0, collision, alpha 0.8031, 0.7 min
episode 239 at step 17322: reward -10.5 over 22 steps, laps 0, collision, alpha 0.8026, 0.7 min
episode 240 at step 17343: reward -11.2 over 21 steps, laps 0, collision, alpha 0.8021, 0.7 min
episode 241 at step 17361: reward -10.3 over 18 steps, laps 0, collision, alpha 0.8016, 0.7 min
episode 242 at step 17384: reward -11.1 over 23 steps, laps 0, collision, alpha 0.8011, 0.7 min
episode 243 at step 17533: reward -14.1 over 149 steps, laps 0, collision, alpha 0.7975, 0.7 min
episode 244 at step 17560: reward -11.0 over 27 steps, laps 0, collision, alpha 0.7968, 0.7 min
episode 245 at step 17600: reward -10.1 over 40 steps, laps 0, collision, alpha 0.7959, 0.7 min
episode 246 at step 17785: reward -14.4 over 185 steps, laps 0, collision, alpha 0.7916, 0.7 min
episode 247 at step 17824: reward -11.4 over 39 steps, laps 0, collision, alpha 0.7906, 0.7 min
episode 248 at step 17847: reward -10.3 over 23 steps, laps 0, collision, alpha 0.7902, 0.7 min
episode 249 at step 17889: reward -10.5 over 42 steps, laps 0, collision, alpha 0.7892, 0.7 min
episode 250 at step 18017: reward -11.6 over 128 steps, laps 0, collision, alpha 0.7861, 0.7 min
episode 251 at step 18038: reward -10.7 over 21 steps, laps 0, collision, alpha 0.7857, 0.7 min
episode 252 at step 18146: reward -11.6 over 108 steps, laps 0, collision, alpha 0.7831, 0.7 min
episode 253 at step 18205: reward -11.2 over 59 steps, laps 0, collision, alpha 0.7817, 0.7 min
episode 254 at step 18225: reward -10.6 over 20 steps, laps 0, collision, alpha 0.7812, 0.7 min
episode 255 at step 18256: reward -11.0 over 31 steps, laps 0, collision, alpha 0.7805, 0.7 min
episode 256 at step 18279: reward -10.3 over 23 steps, laps 0, collision, alpha 0.7800, 0.7 min
episode 257 at step 18337: reward -11.0 over 58 steps, laps 0, collision, alpha 0.7786, 0.7 min
episode 258 at step 18346: reward -9.8 over 9 steps, laps 0, collision, alpha 0.7784, 0.7 min
episode 259 at step 18364: reward -10.1 over 18 steps, laps 0, collision, alpha 0.7779, 0.8 min
episode 260 at step 18555: reward -14.8 over 191 steps, laps 0, collision, alpha 0.7735, 0.8 min
episode 261 at step 18641: reward -12.5 over 86 steps, laps 0, collision, alpha 0.7714, 0.8 min
episode 262 at step 18688: reward -10.7 over 47 steps, laps 0, collision, alpha 0.7705, 0.8 min
episode 263 at step 18771: reward -12.1 over 83 steps, laps 0, collision, alpha 0.7684, 0.8 min
episode 264 at step 18821: reward -9.8 over 50 steps, laps 0, collision, alpha 0.7673, 0.8 min
episode 265 at step 18917: reward -11.2 over 96 steps, laps 0, collision, alpha 0.7652, 0.8 min
episode 266 at step 19026: reward -12.5 over 109 steps, laps 0, collision, alpha 0.7627, 0.8 min
episode 267 at step 19062: reward -10.9 over 36 steps, laps 0, collision, alpha 0.7618, 0.8 min
episode 268 at step 19120: reward -10.7 over 58 steps, laps 0, collision, alpha 0.7604, 0.8 min
episode 269 at step 19187: reward -11.4 over 67 steps, laps 0, collision, alpha 0.7590, 0.8 min
episode 270 at step 19227: reward -11.0 over 40 steps, laps 0, collision, alpha 0.7581, 0.8 min
episode 271 at step 19245: reward -10.4 over 18 steps, laps 0, collision, alpha 0.7577, 0.8 min
episode 272 at step 19313: reward -11.5 over 68 steps, laps 0, collision, alpha 0.7561, 0.8 min
episode 273 at step 19328: reward -10.8 over 15 steps, laps 0, collision, alpha 0.7559, 0.8 min
episode 274 at step 19409: reward -10.2 over 81 steps, laps 0, collision, alpha 0.7540, 0.8 min
episode 275 at step 19466: reward -10.8 over 57 steps, laps 0, collision, alpha 0.7527, 0.8 min
episode 276 at step 19535: reward -12.1 over 69 steps, laps 0, collision, alpha 0.7511, 0.8 min
episode 277 at step 19560: reward -10.6 over 25 steps, laps 0, collision, alpha 0.7504, 0.8 min
episode 278 at step 19674: reward -11.8 over 114 steps, laps 0, collision, alpha 0.7480, 0.8 min
episode 279 at step 19743: reward -10.9 over 69 steps, laps 0, collision, alpha 0.7464, 0.9 min
episode 280 at step 19877: reward -11.1 over 134 steps, laps 0, collision, alpha 0.7435, 0.9 min
episode 281 at step 19917: reward -11.1 over 40 steps, laps 0, collision, alpha 0.7426, 0.9 min
episode 282 at step 20077: reward -12.5 over 160 steps, laps 0, collision, alpha 0.7391, 0.9 min
episode 283 at step 20184: reward -11.9 over 107 steps, laps 0, collision, alpha 0.7366, 0.9 min
episode 284 at step 20288: reward -11.4 over 104 steps, laps 0, collision, alpha 0.7344, 0.9 min
episode 285 at step 20304: reward -10.3 over 16 steps, laps 0, collision, alpha 0.7340, 0.9 min
episode 286 at step 20371: reward -11.5 over 67 steps, laps 0, collision, alpha 0.7324, 0.9 min
episode 287 at step 20387: reward -10.2 over 16 steps, laps 0, collision, alpha 0.7322, 0.9 min
episode 288 at step 20436: reward -10.9 over 49 steps, laps 0, collision, alpha 0.7311, 0.9 min
episode 289 at step 20466: reward -10.0 over 30 steps, laps 0, collision, alpha 0.7305, 0.9 min
episode 290 at step 20536: reward -11.7 over 70 steps, laps 0, collision, alpha 0.7289, 0.9 min
episode 291 at step 20631: reward -11.0 over 95 steps, laps 0, collision, alpha 0.7268, 0.9 min
episode 292 at step 20695: reward -11.8 over 64 steps, laps 0, collision, alpha 0.7254, 0.9 min
episode 293 at step 20796: reward -12.2 over 101 steps, laps 0, collision, alpha 0.7233, 0.9 min
episode 294 at step 20828: reward -10.2 over 32 steps, laps 0, collision, alpha 0.7226, 0.9 min
episode 295 at step 21059: reward -15.0 over 231 steps, laps 0, collision, alpha 0.7177, 0.9 min
episode 296 at step 21128: reward -12.0 over 69 steps, laps 0, collision, alpha 0.7162, 0.9 min
episode 297 at step 21244: reward -13.1 over 116 steps, laps 0, collision, alpha 0.7136, 0.9 min
episode 298 at step 21272: reward -9.9 over 28 steps, laps 0, collision, alpha 0.7130, 0.9 min
episode 299 at step 21439: reward -13.8 over 167 steps, laps 0, collision, alpha 0.7096, 1.0 min
episode 300 at step 21597: reward -12.2 over 158 steps, laps 0, collision, alpha 0.7062, 1.0 min
episode 301 at step 21619: reward -10.1 over 22 steps, laps 0, collision, alpha 0.7057, 1.0 min
episode 302 at step 21676: reward -11.2 over 57 steps, laps 0, collision, alpha 0.7045, 1.0 min
episode 303 at step 21969: reward -14.7 over 293 steps, laps 0, collision, alpha 0.6984, 1.0 min
episode 304 at step 22085: reward -12.3 over 116 steps, laps 0, collision, alpha 0.6959, 1.0 min
episode 305 at step 22157: reward -12.4 over 72 steps, laps 0, collision, alpha 0.6944, 1.0 min
episode 306 at step 22271: reward -12.3 over 114 steps, laps 0, collision, alpha 0.6919, 1.0 min
episode 307 at step 22358: reward -10.8 over 87 steps, laps 0, collision, alpha 0.6903, 1.0 min
episode 308 at step 22489: reward -12.9 over 131 steps, laps 0, collision, alpha 0.6876, 1.0 min
episode 309 at step 22603: reward -11.9 over 114 steps, laps 0, collision, alpha 0.6852, 1.0 min
episode 310 at step 22694: reward -11.8 over 91 steps, laps 0, collision, alpha 0.6833, 1.0 min
episode 311 at step 22738: reward -11.1 over 44 steps, laps 0, collision, alpha 0.6825, 1.0 min
episode 312 at step 22920: reward -14.4 over 182 steps, laps 0, collision, alpha 0.6786, 1.1 min
episode 313 at step 23875: reward -21.2 over 955 steps, laps 0, collision, alpha 0.6597, 1.1 min
episode 314 at step 24196: reward -13.2 over 321 steps, laps 0, collision, alpha 0.6534, 1.2 min
episode 315 at step 24669: reward -16.3 over 473 steps, laps 0, collision, alpha 0.6444, 1.2 min
episode 316 at step 24798: reward -11.1 over 129 steps, laps 0, collision, alpha 0.6419, 1.2 min
episode 317 at step 24979: reward -12.1 over 181 steps, laps 0, collision, alpha 0.6384, 1.2 min
episode 318 at step 25664: reward -16.4 over 685 steps, laps 0, collision, alpha 0.6255, 1.3 min
episode 319 at step 25782: reward -12.6 over 118 steps, laps 0, collision, alpha 0.6233, 1.3 min
episode 320 at step 25975: reward -10.6 over 193 steps, laps 0, collision, alpha 0.6198, 1.3 min
episode 321 at step 26047: reward -10.9 over 72 steps, laps 0, collision, alpha 0.6185, 1.3 min
episode 322 at step 26805: reward -14.5 over 758 steps, laps 0, collision, alpha 0.6048, 1.4 min
episode 323 at step 27200: reward -14.1 over 395 steps, laps 0, collision, alpha 0.5977, 1.4 min
episode 324 at step 27685: reward -13.5 over 485 steps, laps 0, collision, alpha 0.5894, 1.4 min
episode 325 at step 27826: reward -10.1 over 141 steps, laps 0, collision, alpha 0.5869, 1.4 min
episode 326 at step 28468: reward -19.2 over 642 steps, laps 0, collision, alpha 0.5760, 1.5 min
episode 327 at step 32468: reward -42.1 over 4000 steps, laps 0, clean, alpha 0.5123, 1.8 min
episode 328 at step 36468: reward -30.7 over 4000 steps, laps 0, clean, alpha 0.4559, 2.0 min
episode 329 at step 38346: reward -23.2 over 1878 steps, laps 0, collision, alpha 0.4316, 2.2 min
episode 330 at step 42346: reward -35.6 over 4000 steps, laps 0, clean, alpha 0.3838, 2.5 min
episode 331 at step 45157: reward -34.9 over 2811 steps, laps 0, collision, alpha 0.3534, 2.7 min
episode 332 at step 49157: reward -30.7 over 4000 steps, laps 0, clean, alpha 0.3141, 3.0 min
eval at 50000 steps: clean 100% over 5 episodes, 0 laps, no lap, score 100.00
new best hand-rolled policy at score 100.00
episode 333 at step 53157: reward -24.7 over 4000 steps, laps 0, clean, alpha 0.2790, 4.0 min
episode 334 at step 57157: reward -22.6 over 4000 steps, laps 0, clean, alpha 0.2477, 4.3 min
episode 335 at step 61157: reward -13.2 over 4000 steps, laps 0, clean, alpha 0.2199, 4.7 min
episode 336 at step 65157: reward -15.3 over 4000 steps, laps 0, clean, alpha 0.1953, 5.1 min
episode 337 at step 69157: reward 11.8 over 4000 steps, laps 0, clean, alpha 0.1734, 5.5 min
episode 338 at step 73157: reward 18.4 over 4000 steps, laps 0, clean, alpha 0.1540, 5.8 min
episode 339 at step 77157: reward 14.3 over 4000 steps, laps 0, clean, alpha 0.1367, 6.2 min
episode 340 at step 81157: reward 36.1 over 4000 steps, laps 0, clean, alpha 0.1214, 6.6 min
episode 341 at step 85157: reward 57.8 over 4000 steps, laps 0, clean, alpha 0.1079, 7.0 min
episode 342 at step 89157: reward 70.0 over 4000 steps, laps 0, clean, alpha 0.0959, 7.5 min
episode 343 at step 93157: reward 89.3 over 4000 steps, laps 0, clean, alpha 0.0853, 7.9 min
episode 344 at step 97157: reward 116.9 over 4000 steps, laps 0, clean, alpha 0.0759, 8.2 min
eval at 100000 steps: clean 100% over 5 episodes, 5 laps, best lap 149.59s, score 102.01
new best hand-rolled policy at score 102.01
episode 345 at step 101157: reward 137.4 over 4000 steps, laps 0, clean, alpha 0.0676, 9.3 min
episode 346 at step 105157: reward 154.3 over 4000 steps, laps 0, clean, alpha 0.0603, 9.7 min
episode 347 at step 109157: reward 175.5 over 4000 steps, laps 0, clean, alpha 0.0538, 10.0 min
episode 348 at step 113157: reward 194.2 over 4000 steps, laps 0, clean, alpha 0.0480, 10.4 min
episode 349 at step 117157: reward 221.1 over 4000 steps, laps 0, clean, alpha 0.0429, 10.7 min
episode 350 at step 121157: reward 285.9 over 4000 steps, laps 1, clean, alpha 0.0383, 11.1 min
episode 351 at step 125157: reward 313.2 over 4000 steps, laps 1, clean, alpha 0.0343, 11.5 min
episode 352 at step 129157: reward 324.9 over 4000 steps, laps 1, clean, alpha 0.0307, 11.8 min
episode 353 at step 133157: reward 341.7 over 4000 steps, laps 1, clean, alpha 0.0276, 12.2 min
episode 354 at step 137157: reward 349.4 over 4000 steps, laps 1, clean, alpha 0.0247, 12.6 min
episode 355 at step 141157: reward 378.3 over 4000 steps, laps 1, clean, alpha 0.0222, 13.0 min
episode 356 at step 145157: reward 391.4 over 4000 steps, laps 1, clean, alpha 0.0201, 13.3 min
episode 357 at step 149157: reward 396.5 over 4000 steps, laps 1, clean, alpha 0.0181, 13.7 min
eval at 150000 steps: clean 100% over 5 episodes, 5 laps, best lap 128.71s, score 102.33
new best hand-rolled policy at score 102.33
episode 358 at step 153157: reward 410.2 over 4000 steps, laps 1, clean, alpha 0.0164, 14.8 min
episode 359 at step 157157: reward 414.3 over 4000 steps, laps 1, clean, alpha 0.0148, 15.2 min
episode 360 at step 161157: reward 424.6 over 4000 steps, laps 1, clean, alpha 0.0134, 15.6 min
episode 361 at step 165157: reward 429.0 over 4000 steps, laps 1, clean, alpha 0.0122, 15.9 min
episode 362 at step 169157: reward 431.4 over 4000 steps, laps 1, clean, alpha 0.0111, 16.2 min
episode 363 at step 173157: reward 443.4 over 4000 steps, laps 1, clean, alpha 0.0101, 16.5 min
episode 364 at step 177157: reward 452.4 over 4000 steps, laps 1, clean, alpha 0.0093, 16.8 min
episode 365 at step 181157: reward 458.8 over 4000 steps, laps 1, clean, alpha 0.0085, 17.1 min
episode 366 at step 185157: reward 460.5 over 4000 steps, laps 1, clean, alpha 0.0078, 17.3 min
episode 367 at step 189157: reward 471.7 over 4000 steps, laps 1, clean, alpha 0.0072, 17.6 min
episode 368 at step 193157: reward 471.0 over 4000 steps, laps 1, clean, alpha 0.0067, 17.9 min
episode 369 at step 197157: reward 471.4 over 4000 steps, laps 1, clean, alpha 0.0063, 18.2 min
eval at 200000 steps: clean 100% over 5 episodes, 5 laps, best lap 122.04s, score 102.46
new best hand-rolled policy at score 102.46
episode 370 at step 201157: reward 471.8 over 4000 steps, laps 1, clean, alpha 0.0059, 19.1 min
episode 371 at step 205157: reward 490.5 over 4000 steps, laps 1, clean, alpha 0.0057, 19.3 min
episode 372 at step 209157: reward 491.1 over 4000 steps, laps 1, clean, alpha 0.0055, 19.6 min
episode 373 at step 213157: reward 492.4 over 4000 steps, laps 1, clean, alpha 0.0054, 19.8 min
episode 374 at step 217157: reward 487.6 over 4000 steps, laps 1, clean, alpha 0.0053, 20.1 min
episode 375 at step 221157: reward 488.5 over 4000 steps, laps 1, clean, alpha 0.0053, 20.3 min
episode 376 at step 225157: reward 491.7 over 4000 steps, laps 1, clean, alpha 0.0053, 20.6 min
episode 377 at step 229157: reward 493.4 over 4000 steps, laps 1, clean, alpha 0.0052, 20.9 min
episode 378 at step 233157: reward 491.6 over 4000 steps, laps 1, clean, alpha 0.0052, 21.2 min
episode 379 at step 237157: reward 489.3 over 4000 steps, laps 1, clean, alpha 0.0053, 21.4 min
episode 380 at step 241157: reward 494.7 over 4000 steps, laps 1, clean, alpha 0.0053, 21.7 min
episode 381 at step 245157: reward 491.1 over 4000 steps, laps 1, clean, alpha 0.0053, 22.1 min
episode 382 at step 249157: reward 496.7 over 4000 steps, laps 1, clean, alpha 0.0055, 22.4 min
eval at 250000 steps: clean 100% over 5 episodes, 5 laps, best lap 116.82s, score 102.57
new best hand-rolled policy at score 102.57
episode 383 at step 253157: reward 496.2 over 4000 steps, laps 1, clean, alpha 0.0055, 23.4 min
episode 384 at step 257157: reward 496.9 over 4000 steps, laps 1, clean, alpha 0.0056, 23.7 min
episode 385 at step 261157: reward 497.7 over 4000 steps, laps 1, clean, alpha 0.0056, 24.0 min
episode 386 at step 265157: reward 496.4 over 4000 steps, laps 1, clean, alpha 0.0055, 24.3 min
episode 387 at step 269157: reward 497.9 over 4000 steps, laps 1, clean, alpha 0.0053, 24.7 min
episode 388 at step 273157: reward 498.9 over 4000 steps, laps 1, clean, alpha 0.0053, 25.0 min
episode 389 at step 277157: reward 500.9 over 4000 steps, laps 1, clean, alpha 0.0055, 25.3 min
episode 390 at step 281157: reward 502.4 over 4000 steps, laps 1, clean, alpha 0.0055, 25.7 min
episode 391 at step 285157: reward 502.3 over 4000 steps, laps 1, clean, alpha 0.0055, 26.0 min
episode 392 at step 289157: reward 502.1 over 4000 steps, laps 1, clean, alpha 0.0055, 26.4 min
episode 393 at step 293157: reward 501.8 over 4000 steps, laps 1, clean, alpha 0.0056, 26.7 min
episode 394 at step 297157: reward 502.1 over 4000 steps, laps 1, clean, alpha 0.0056, 27.0 min
eval at 300000 steps: clean 100% over 5 episodes, 5 laps, best lap 116.29s, score 102.58
new best hand-rolled policy at score 102.58
episode 395 at step 301157: reward 499.3 over 4000 steps, laps 1, clean, alpha 0.0055, 28.1 min
episode 396 at step 305157: reward 500.4 over 4000 steps, laps 1, clean, alpha 0.0054, 28.4 min
episode 397 at step 309157: reward 499.9 over 4000 steps, laps 1, clean, alpha 0.0054, 28.8 min
episode 398 at step 313157: reward 501.3 over 4000 steps, laps 1, clean, alpha 0.0055, 29.1 min
episode 399 at step 317157: reward 500.1 over 4000 steps, laps 1, clean, alpha 0.0054, 29.4 min
episode 400 at step 321157: reward 502.2 over 4000 steps, laps 1, clean, alpha 0.0057, 29.7 min
episode 401 at step 325157: reward 498.1 over 4000 steps, laps 1, clean, alpha 0.0058, 30.0 min
episode 402 at step 329157: reward 495.3 over 4000 steps, laps 1, clean, alpha 0.0057, 30.4 min
episode 403 at step 333157: reward 496.3 over 4000 steps, laps 1, clean, alpha 0.0055, 30.7 min
episode 404 at step 337157: reward 497.0 over 4000 steps, laps 1, clean, alpha 0.0055, 31.0 min
episode 405 at step 341157: reward 499.3 over 4000 steps, laps 1, clean, alpha 0.0055, 31.4 min
episode 406 at step 345157: reward 498.4 over 4000 steps, laps 1, clean, alpha 0.0056, 31.7 min
episode 407 at step 349157: reward 500.3 over 4000 steps, laps 1, clean, alpha 0.0057, 32.1 min
eval at 350000 steps: clean 100% over 5 episodes, 5 laps, best lap 115.16s, score 102.61
new best hand-rolled policy at score 102.61
episode 408 at step 353157: reward 497.3 over 4000 steps, laps 1, clean, alpha 0.0057, 33.1 min
episode 409 at step 357157: reward 498.6 over 4000 steps, laps 1, clean, alpha 0.0058, 33.5 min
episode 410 at step 361157: reward 497.0 over 4000 steps, laps 1, clean, alpha 0.0057, 33.8 min
episode 411 at step 365157: reward 499.3 over 4000 steps, laps 1, clean, alpha 0.0058, 34.2 min
episode 412 at step 369157: reward 499.9 over 4000 steps, laps 1, clean, alpha 0.0059, 34.5 min
episode 413 at step 373157: reward 497.5 over 4000 steps, laps 1, clean, alpha 0.0058, 34.9 min
episode 414 at step 377157: reward 499.1 over 4000 steps, laps 1, clean, alpha 0.0058, 35.2 min
episode 415 at step 381157: reward 496.7 over 4000 steps, laps 1, clean, alpha 0.0058, 35.6 min
episode 416 at step 385157: reward 500.7 over 4000 steps, laps 1, clean, alpha 0.0059, 36.0 min
episode 417 at step 389157: reward 498.0 over 4000 steps, laps 1, clean, alpha 0.0059, 36.3 min
episode 418 at step 393157: reward 499.2 over 4000 steps, laps 1, clean, alpha 0.0059, 36.7 min
episode 419 at step 397157: reward 499.0 over 4000 steps, laps 1, clean, alpha 0.0060, 37.0 min
eval at 400000 steps: clean 100% over 5 episodes, 5 laps, best lap 116.33s, score 102.58
episode 420 at step 401157: reward 498.0 over 4000 steps, laps 1, clean, alpha 0.0059, 38.2 min
episode 421 at step 405157: reward 498.1 over 4000 steps, laps 1, clean, alpha 0.0058, 38.6 min
episode 422 at step 409157: reward 496.9 over 4000 steps, laps 1, clean, alpha 0.0057, 38.9 min
episode 423 at step 413157: reward 498.8 over 4000 steps, laps 1, clean, alpha 0.0057, 39.2 min
episode 424 at step 417157: reward 498.6 over 4000 steps, laps 1, clean, alpha 0.0057, 39.5 min
episode 425 at step 421157: reward 497.8 over 4000 steps, laps 1, clean, alpha 0.0056, 39.8 min
episode 426 at step 425157: reward 496.8 over 4000 steps, laps 1, clean, alpha 0.0056, 40.1 min
episode 427 at step 429157: reward 499.4 over 4000 steps, laps 1, clean, alpha 0.0058, 40.3 min
episode 428 at step 433157: reward 499.0 over 4000 steps, laps 1, clean, alpha 0.0058, 40.6 min
episode 429 at step 437157: reward 499.5 over 4000 steps, laps 1, clean, alpha 0.0062, 40.8 min
episode 430 at step 441157: reward 496.4 over 4000 steps, laps 1, clean, alpha 0.0061, 41.1 min
episode 431 at step 445157: reward 496.3 over 4000 steps, laps 1, clean, alpha 0.0060, 41.3 min
episode 432 at step 449157: reward 495.2 over 4000 steps, laps 1, clean, alpha 0.0060, 41.5 min
eval at 450000 steps: clean 100% over 5 episodes, 5 laps, best lap 116.26s, score 102.58
episode 433 at step 453157: reward 495.6 over 4000 steps, laps 1, clean, alpha 0.0059, 42.2 min
episode 434 at step 457157: reward 496.2 over 4000 steps, laps 1, clean, alpha 0.0059, 42.5 min
episode 435 at step 461157: reward 496.4 over 4000 steps, laps 1, clean, alpha 0.0060, 42.7 min
episode 436 at step 465157: reward 498.0 over 4000 steps, laps 1, clean, alpha 0.0062, 42.9 min
episode 437 at step 469157: reward 495.9 over 4000 steps, laps 1, clean, alpha 0.0059, 43.2 min
episode 438 at step 473157: reward 498.8 over 4000 steps, laps 1, clean, alpha 0.0059, 43.4 min
episode 439 at step 477157: reward 497.3 over 4000 steps, laps 1, clean, alpha 0.0058, 43.6 min
episode 440 at step 481157: reward 498.2 over 4000 steps, laps 1, clean, alpha 0.0060, 43.9 min
episode 441 at step 485157: reward 502.0 over 4000 steps, laps 1, clean, alpha 0.0062, 44.1 min
episode 442 at step 489157: reward 497.7 over 4000 steps, laps 1, clean, alpha 0.0061, 44.3 min
episode 443 at step 493157: reward 495.9 over 4000 steps, laps 1, clean, alpha 0.0059, 44.6 min
episode 444 at step 497157: reward 496.6 over 4000 steps, laps 1, clean, alpha 0.0057, 44.8 min
eval at 500000 steps: clean 100% over 5 episodes, 5 laps, best lap 116.08s, score 102.58
episode 445 at step 501157: reward 501.2 over 4000 steps, laps 1, clean, alpha 0.0058, 45.5 min
episode 446 at step 505157: reward 502.4 over 4000 steps, laps 1, clean, alpha 0.0061, 45.7 min
episode 447 at step 509157: reward 499.7 over 4000 steps, laps 1, clean, alpha 0.0062, 45.9 min
episode 448 at step 513157: reward 497.9 over 4000 steps, laps 1, clean, alpha 0.0061, 46.2 min
episode 449 at step 517157: reward 495.5 over 4000 steps, laps 1, clean, alpha 0.0062, 46.4 min
episode 450 at step 521157: reward 498.0 over 4000 steps, laps 1, clean, alpha 0.0060, 46.6 min
episode 451 at step 525157: reward 499.3 over 4000 steps, laps 1, clean, alpha 0.0059, 46.8 min
episode 452 at step 529157: reward 498.5 over 4000 steps, laps 1, clean, alpha 0.0060, 47.1 min
episode 453 at step 533157: reward 498.0 over 4000 steps, laps 1, clean, alpha 0.0061, 47.3 min
episode 454 at step 537157: reward 498.0 over 4000 steps, laps 1, clean, alpha 0.0062, 47.5 min
episode 455 at step 541157: reward 498.3 over 4000 steps, laps 1, clean, alpha 0.0062, 47.7 min
episode 456 at step 545157: reward 497.6 over 4000 steps, laps 1, clean, alpha 0.0063, 48.0 min
episode 457 at step 549157: reward 496.7 over 4000 steps, laps 1, clean, alpha 0.0063, 48.2 min
eval at 550000 steps: clean 100% over 5 episodes, 5 laps, best lap 115.97s, score 102.59
episode 458 at step 553157: reward 500.0 over 4000 steps, laps 1, clean, alpha 0.0063, 48.9 min
episode 459 at step 557157: reward 499.0 over 4000 steps, laps 1, clean, alpha 0.0063, 49.1 min
episode 460 at step 561157: reward 496.0 over 4000 steps, laps 1, clean, alpha 0.0062, 49.3 min
episode 461 at step 565157: reward 499.5 over 4000 steps, laps 1, clean, alpha 0.0063, 49.6 min
episode 462 at step 569157: reward 496.0 over 4000 steps, laps 1, clean, alpha 0.0061, 49.8 min
episode 463 at step 573157: reward 494.7 over 4000 steps, laps 1, clean, alpha 0.0061, 50.0 min
episode 464 at step 577157: reward 497.7 over 4000 steps, laps 1, clean, alpha 0.0063, 50.3 min
episode 465 at step 581157: reward 497.1 over 4000 steps, laps 1, clean, alpha 0.0063, 50.5 min
episode 466 at step 585157: reward 499.1 over 4000 steps, laps 1, clean, alpha 0.0064, 50.7 min
episode 467 at step 589157: reward 499.5 over 4000 steps, laps 1, clean, alpha 0.0065, 50.9 min
episode 468 at step 593157: reward 494.9 over 4000 steps, laps 1, clean, alpha 0.0064, 51.2 min
episode 469 at step 597157: reward 497.4 over 4000 steps, laps 1, clean, alpha 0.0067, 51.4 min
eval at 600000 steps: clean 100% over 5 episodes, 5 laps, best lap 116.36s, score 102.58
training done in 52.0 min over 469 episodes
hand-rolled sac from best.pth at 350000 training steps, 20 deterministic episodes at a 3.00 m/s cap
episode   0  progress    477.1m  steps  4000  laps 1  115.17s  clean
episode   1  progress    476.6m  steps  4000  laps 1  115.22s  clean
episode   2  progress    477.1m  steps  4000  laps 1  115.23s  clean
episode   3  progress    477.2m  steps  4000  laps 1  115.16s  clean
episode   4  progress    477.4m  steps  4000  laps 1  115.20s  clean
episode   5  progress    476.7m  steps  4000  laps 1  115.20s  clean
episode   6  progress    476.8m  steps  4000  laps 1  115.17s  clean
episode   7  progress    477.3m  steps  4000  laps 1  115.21s  clean
episode   8  progress    477.3m  steps  4000  laps 1  115.19s  clean
episode   9  progress    476.9m  steps  4000  laps 1  115.15s  clean
episode  10  progress    477.1m  steps  4000  laps 1  115.21s  clean
episode  11  progress    478.1m  steps  4000  laps 1  115.13s  clean
episode  12  progress    476.3m  steps  4000  laps 1  115.23s  clean
episode  13  progress    476.8m  steps  4000  laps 1  115.20s  clean
episode  14  progress    477.8m  steps  4000  laps 1  115.24s  clean
episode  15  progress    476.7m  steps  4000  laps 1  115.17s  clean
episode  16  progress    476.1m  steps  4000  laps 1  115.33s  clean
episode  17  progress    477.1m  steps  4000  laps 1  115.23s  clean
episode  18  progress    476.9m  steps  4000  laps 1  115.18s  clean
episode  19  progress    476.5m  steps  4000  laps 1  115.13s  clean
progress mean 477.0m std 0.5m, collision rate 0.00%, laps completed 20/20
lap time best 115.13s mean 115.20s
