 seed      outcome  pass at  end gap  closest  opp cap  laps
  100      contact        -    -0.6m     0.6m    4.46     0
  101      contact        -    -0.2m     1.0m    3.44     0
  102   solo crash        -    -8.8m     8.9m    4.49     0
  103       passed     2.2s    72.1m     0.7m    4.29     0
  104       passed     2.7s   100.2m     0.5m    3.56     0
  105       passed     2.1s    83.7m     0.6m    3.92     0
  106       passed     1.8s    86.1m     0.9m    4.45     0
  107       passed     3.1s    89.2m     0.9m    3.74     0
  108       passed     2.5s   101.1m     0.6m    3.36     0
  109   solo crash        -   -10.1m    10.2m    3.90     0
  110       passed     2.6s    91.2m     0.8m    3.36     0
  111      contact        -    -0.6m     0.7m    4.15     0
  112      contact        -    -0.1m     0.5m    4.45     0
  113       passed     1.8s    91.3m     0.9m    3.69     0
  114       passed     2.1s    94.9m     0.7m    3.91     0
  115       passed     2.5s   103.7m     0.6m    3.00     0
  116      contact        -    -0.3m     0.5m    3.47     0
  117      contact        -    -0.3m     0.5m    3.77     0
  118   solo crash        -   -13.9m    12.1m    3.80     0
  119   solo crash        -    -4.7m     4.8m    4.13     0

overtake success 50% over 20 episodes
clean overtakes  50%
ego collisions   50%
opponent crashes 0%
mean time to pass 2.34s
outcomes passed 10, contact 6, solo crash 4, stuck behind 0
